{
    "regions_stats": {
        "Voronezh": 50.0,
        "Sochi": 25.0,
        "Kaliningrad": 25.0
    },
    "last_login_stats": {
        "less_than_two_days": 0.0,
        "less_than_one_week": 0.0,
        "less_than_one month": 75.0,
        "less_than_half_year": 25.0,
        "more_than_half_year": 0.0
    }
}